Changed procs:
<none>
New procs:
<none>
Deleted procs:
<none>
Transitive dependents:
<none>
