Changed procs:
a_make_node
New procs:
<none>
Deleted procs:
<none>
Transitive dependents:
b_make_node_wrapper
c_insert
