Changed procs:
make_node
New procs:
<none>
Deleted procs:
<none>
Transitive dependents:
insert
make_node_wrapper_a
make_node_wrapper_b
