Changed procs:
listPrependV
New procs:
<none>
Deleted procs:
<none>
Transitive dependents:
listCopy
