Changed procs:
<none>
New procs:
unused
Deleted procs:
<none>
Transitive dependents:
insert
make_node
