Changed procs:
make_node
New procs:
find_min
Deleted procs:
<none>
Transitive dependents:
insert
