Changed procs:
insert
New procs:
<none>
Deleted procs:
find
Transitive dependents:
<none>
