Changed procs:
find_min
make_node
insert
New procs:
<none>
Deleted procs:
<none>
Transitive dependents:
<none>
